2023-07-06 14:56:19 ERROR main.cpp:15 error message
2023-07-06 14:56:19 WARN main.cpp:16 warn message
2023-07-06 14:56:19 FATAL main.cpp:18 fatal message
